V3 10
FL "/home/student1/gadelacr/Year 4/coe758/projects/project_2/VGA_Controller/game.vhd" 2021/11/21.19:41:21 O.87xd
EN work/game 1637617428 \
      FL "/home/student1/gadelacr/Year 4/coe758/projects/project_2/VGA_Controller/game.vhd" \
      PB ieee/std_logic_1164 1325952872
AR work/game/Behavioral 1637617429 \
      FL "/home/student1/gadelacr/Year 4/coe758/projects/project_2/VGA_Controller/game.vhd" \
      EN work/game 1637617428
FL "/home/student1/gadelacr/Year 4/coe758/projects/project_2/VGA_Controller/paddle.vhd" 2021/11/22.16:43:36 O.87xd
EN work/paddle 0 \
      FL "/home/student1/gadelacr/Year 4/coe758/projects/project_2/VGA_Controller/paddle.vhd" \
      PB ieee/std_logic_1164 1325952872
AR work/paddle/Behavioral 0 \
      FL "/home/student1/gadelacr/Year 4/coe758/projects/project_2/VGA_Controller/paddle.vhd" \
      EN work/paddle 0
FL "/home/student1/gadelacr/Year 4/coe758/projects/project_2/VGA_Controller/vgatest.vhd" 2021/11/21.19:22:49 O.87xd
EN work/vgatest 1637540591 \
      FL "/home/student1/gadelacr/Year 4/coe758/projects/project_2/VGA_Controller/vgatest.vhd" \
      PB ieee/std_logic_1164 1325952872 PB ieee/std_logic_arith 1325952873 \
      PB ieee/STD_LOGIC_UNSIGNED 1325952875
AR work/vgatest/test 1637540592 \
      FL "/home/student1/gadelacr/Year 4/coe758/projects/project_2/VGA_Controller/vgatest.vhd" \
      EN work/vgatest 1637540591 CP game
